GeoSys-OUT: Output ------------------------------------------------
#OUTPUT // profile
 $NOD_VALUES
  HEAD
  H+
  Ca2+
  Mg2+
  CO32-
  Cl-
  HCO3-
  Calcite
  Dolomite(dis)
 $ELE_VALUES
  POROSITY
 $GEO_TYPE
  DOMAIN
 $DAT_TYPE
  PVD
 $TIM_TYPE
  STEPS 1
#STOP

